// Jest Snapshot v1, https://goo.gl/fbAQLP

exports[`Steps component should render 1`] = `
<DocumentFragment>
  <ul
    class="steps"
  >
    content
  </ul>
</DocumentFragment>
`;
