// Jest Snapshot v1, https://goo.gl/fbAQLP

exports[`ReactBulmaComponents component should Exports all components 1`] = `
Object {
  "Box": [Function],
  "Breadcrumb": [Function],
  "Button": [Function],
  "ButtonGroup": [Function],
  "Card": [Function],
  "CardContent": [Function],
  "CardFooter": [Function],
  "CardFooterItem": [Function],
  "CardHeader": [Function],
  "CardHeaderIcon": [Function],
  "CardHeaderTitle": [Function],
  "CardImage": [Function],
  "Checkbox": [Function],
  "Column": [Function],
  "Columns": [Function],
  "Container": [Function],
  "Content": [Function],
  "Control": [Function],
  "Dropdown": [Function],
  "DropdownDivider": [Function],
  "DropdownItem": [Function],
  "Element": [Function],
  "Field": [Function],
  "FieldBody": [Function],
  "FieldLabel": [Function],
  "Footer": [Function],
  "Heading": [Function],
  "Help": [Function],
  "Hero": [Function],
  "HeroBody": [Function],
  "HeroFooter": [Function],
  "HeroHeader": [Function],
  "Icon": [Function],
  "Image": [Function],
  "Input": [Function],
  "InputFile": [Function],
  "Label": [Function],
  "Level": [Function],
  "LevelItem": [Function],
  "LevelSide": [Function],
  "Loader": [Function],
  "Media": [Function],
  "MediaContent": [Function],
  "MediaItem": [Function],
  "Menu": [Function],
  "MenuList": [Function],
  "MenuListItem": [Function],
  "Message": [Function],
  "MessageBody": [Function],
  "MessageHeader": [Function],
  "Modal": [Function],
  "ModalCard": [Function],
  "ModalCardBody": [Function],
  "ModalCardFooter": [Function],
  "ModalCardHeader": [Function],
  "ModalCardTitle": [Function],
  "ModalContent": [Function],
  "Navbar": [Function],
  "NavbarBrand": [Function],
  "NavbarBurger": [Function],
  "NavbarContainer": [Function],
  "NavbarDivider": [Function],
  "NavbarDropdown": [Function],
  "NavbarItem": [Function],
  "NavbarLink": [Function],
  "NavbarMenu": [Function],
  "Notification": [Function],
  "Pagination": [Function],
  "Panel": [Function],
  "PanelBlock": [Function],
  "PanelHeader": [Function],
  "PanelIcon": [Function],
  "PanelTab": [Function],
  "PanelTabs": [Function],
  "Progress": [Function],
  "Radio": [Function],
  "Section": [Function],
  "Select": [Function],
  "Switch": [Function],
  "Tab": [Function],
  "Table": [Function],
  "Tabs": [Function],
  "Tag": [Function],
  "Tags": [Function],
  "Textarea": [Function],
  "Tile": [Function],
}
`;
