// Jest Snapshot v1, https://goo.gl/fbAQLP

exports[`Element component should render 1`] = `
<DocumentFragment>
  <div
    class="has-text-white"
    pull="left"
  >
    Facebook
  </div>
</DocumentFragment>
`;

exports[`Element component should render component with different tag 1`] = `
<DocumentFragment>
  <p>
    CustomThis should be a p element
  </p>
</DocumentFragment>
`;
