// Jest Snapshot v1, https://goo.gl/fbAQLP

exports[`Select component should render 1`] = `
<DocumentFragment>
  <div
    class="select"
  >
    <select>
      <option>
        1
      </option>
    </select>
  </div>
</DocumentFragment>
`;
