// Jest Snapshot v1, https://goo.gl/fbAQLP

exports[`Checkbox component should render 1`] = `
<DocumentFragment>
  <label
    class="b-checkbox checkbox"
  >
    <input
      type="checkbox"
      value=""
    />
    <span
      class="check"
    />
    <span
      class="control-label"
    >
      Text
    </span>
  </label>
</DocumentFragment>
`;
