// Jest Snapshot v1, https://goo.gl/fbAQLP

exports[`Icon component should concat classname in props with classname 1`] = `
<DocumentFragment>
  <span
    class="icon other-class is-normal"
  >
    <i
      class="mdi mdi-bars mdi-24px"
    />
  </span>
</DocumentFragment>
`;
